******************************************************************************
                  TI ARM Linker PC v20.2.5                     
******************************************************************************
>> Linked Tue Jun 21 15:25:56 2022

OUTPUT FILE NAME:   <gpiointerrupt_MSP_EXP432P401R_nortos_ccs.out>
ENTRY POINT SYMBOL: "resetISR"  address: 00000655


MEMORY CONFIGURATION

         name            origin    length      used     unused   attr    fill
----------------------  --------  ---------  --------  --------  ----  --------
  MAIN                  00000000   00040000  00000742  0003f8be  R  X
  INFO                  00200000   00004000  00000000  00004000  R  X
  SRAM_CODE             01000000   00010000  00001004  0000effc  RW X
  SRAM_DATA             20000000   00010000  00001004  0000effc  RW  


SEGMENT ALLOCATION MAP

run origin  load origin   length   init length attrs members
----------  ----------- ---------- ----------- ----- -------
00000000    00000000    00000748   00000748    r-x
  00000000    00000000    00000144   00000144    r-- .intvecs
  00000144    00000144    00000592   00000592    r-x .text
  000006d8    000006d8    00000054   00000054    r-- .const
  00000730    00000730    00000018   00000018    r-- .cinit
20000000    20000000    00000004   00000000    rw-
  20000000    20000000    00000004   00000000    rw- .data
2000f000    2000f000    00001000   00000000    rw-
  2000f000    2000f000    00001000   00000000    rw- .stack


SECTION ALLOCATION MAP

 output                                  attributes/
section   page    origin      length       input sections
--------  ----  ----------  ----------   ----------------
.text      0    00000144    00000592     
                  00000144    000000a4     Drivers2_UART.obj (.text:UART_Inicializar)
                  000001e8    0000009c     rtsv7M4_T_le_v4SPD16_eabi.lib : memcpy_t2.asm.obj (.text)
                  00000284    00000070     Drivers2_UART.obj (.text:UART_Tipo_de_Reloj)
                  000002f4    00000068     rtsv7M4_T_le_v4SPD16_eabi.lib : copy_decompress_lzss.c.obj (.text:decompress:lzss:__TI_decompress_lzss)
                  0000035c    00000058     Drivers2_UART.obj (.text:UART_Baudaje)
                  000003b4    00000044     rtsv7M4_T_le_v4SPD16_eabi.lib : autoinit.c.obj (.text:__TI_auto_init_nobinit_nopinit:__TI_auto_init_nobinit_nopinit)
                  000003f8    00000038     Drivers2_UART.obj (.text:UART_Enviar_Byte)
                  00000430    00000038     main.obj (.text:main)
                  00000468    00000034     Impresion.obj (.text:UART_MESSAGE)
                  0000049c    00000034     Drivers2_UART.obj (.text:UART_Paridad)
                  000004d0    00000034     rtsv7M4_T_le_v4SPD16_eabi.lib : boot_cortex_m.c.obj (.text:_c_int00_noargs:_c_int00_noargs)
                  00000504    00000030     Drivers2_UART.obj (.text:UART_Pines_TX_RX)
                  00000534    00000024     Drivers2_UART.obj (.text:UART_Bits_de_Datos)
                  00000558    00000024     Drivers2_UART.obj (.text:UART_Bits_de_Paro)
                  0000057c    00000024     Drivers2_UART.obj (.text:UART_Direccion_de_Transmision)
                  000005a0    00000024     Drivers2_UART.obj (.text:UART_Interrupcion_CBreak)
                  000005c4    00000024     Drivers2_UART.obj (.text:UART_Interrupcion_CErroneos)
                  000005e8    00000024     Drivers2_UART.obj (.text:UART_Sincronia)
                  0000060c    00000024     Drivers2_UART.obj (.text:UART_Sobremuestreo)
                  00000630    00000024     Drivers2_UART.obj (.text:UART_putsf)
                  00000654    00000018     nortos_msp432p401x.aem4f : startup_msp432_ccs.oem4f (.text:resetISR)
                  0000066c    00000014     Drivers2_UART.obj (.text:UART_Deshabilitar)
                  00000680    00000014     Drivers2_UART.obj (.text:UART_Habilitar)
                  00000694    00000010     msp432p4xx_driverlib.lib : interrupt.o (.text:Interrupt_disableMaster)
                  000006a4    0000000e     rtsv7M4_T_le_v4SPD16_eabi.lib : copy_decompress_none.c.obj (.text:decompress:none:__TI_decompress_none)
                  000006b2    0000000c     msp432p4xx_driverlib.lib : cpu.o (.text:CPU_cpsid)
                  000006be    00000008     Inicializacion.obj (.text:UART_INIT)
                  000006c6    00000004     rtsv7M4_T_le_v4SPD16_eabi.lib : pre_init.c.obj (.text:_system_pre_init)
                  000006ca    00000004                                   : exit.c.obj (.text:abort:abort)
                  000006ce    00000002     nortos_msp432p401x.aem4f : startup_msp432_ccs.oem4f (.text:busFaultISR)
                  000006d0    00000002                              : startup_msp432_ccs.oem4f (.text:defaultISR)
                  000006d2    00000002                              : startup_msp432_ccs.oem4f (.text:faultISR)
                  000006d4    00000002                              : startup_msp432_ccs.oem4f (.text:nmiISR)

.const     0    000006d8    00000054     
                  000006d8    0000001c     Drivers2_UART.obj (.const:BRFX)
                  000006f4    0000001c     Drivers2_UART.obj (.const:BRS)
                  00000710    0000001c     Drivers2_UART.obj (.const:BRX)

.cinit     0    00000730    00000018     
                  00000730    00000008     (__TI_handler_table)
                  00000738    00000007     (.cinit..data.load) [load image, compression = lzss]
                  0000073f    00000001     --HOLE-- [fill = 0]
                  00000740    00000008     (__TI_cinit_table)

.init_array 
*          0    00000000    00000000     UNINITIALIZED

.data      0    20000000    00000004     UNINITIALIZED
                  20000000    00000004     main.obj (.data)

.intvecs   0    00000000    00000144     
                  00000000    00000144     nortos_msp432p401x.aem4f : startup_msp432_ccs.oem4f (.intvecs:retain)

.stack     0    2000f000    00001000     UNINITIALIZED
                  2000f000    00000004     rtsv7M4_T_le_v4SPD16_eabi.lib : boot_cortex_m.c.obj (.stack)
                  2000f004    00000ffc     --HOLE--

__llvm_prf_cnts 
*          0    20000000    00000000     UNINITIALIZED

.binit     0    00000000    00000000     

MODULE SUMMARY

       Module                       code   ro data   rw data
       ------                       ----   -------   -------
    .\
       main.obj                     56     0         8      
    +--+----------------------------+------+---------+---------+
       Total:                       56     0         8      
                                                            
    .\Drivers\
       Drivers2_UART.obj            848    84        0      
    +--+----------------------------+------+---------+---------+
       Total:                       848    84        0      
                                                            
    .\Hardware\
       Inicializacion.obj           8      0         0      
    +--+----------------------------+------+---------+---------+
       Total:                       8      0         0      
                                                            
    .\Procesos\
       Impresion.obj                52     0         0      
    +--+----------------------------+------+---------+---------+
       Total:                       52     0         0      
                                                            
    C:/ti/simplelink_msp432p4_sdk_3_40_01_02/kernel/nortos/lib/nortos_msp432p401x.aem4f
       startup_msp432_ccs.oem4f     32     324       0      
    +--+----------------------------+------+---------+---------+
       Total:                       32     324       0      
                                                            
    C:/ti/simplelink_msp432p4_sdk_3_40_01_02/source/ti/devices/msp432p4xx/driverlib/ccs/msp432p4xx_driverlib.lib
       interrupt.o                  16     0         0      
       cpu.o                        12     0         0      
    +--+----------------------------+------+---------+---------+
       Total:                       28     0         0      
                                                            
    C:\ti\ccs1110\ccs\tools\compiler\ti-cgt-arm_20.2.5.LTS\lib\rtsv7M4_T_le_v4SPD16_eabi.lib
       memcpy_t2.asm.obj            156    0         0      
       copy_decompress_lzss.c.obj   104    0         0      
       autoinit.c.obj               68     0         0      
       boot_cortex_m.c.obj          52     0         0      
       copy_decompress_none.c.obj   14     0         0      
       exit.c.obj                   4      0         0      
       pre_init.c.obj               4      0         0      
    +--+----------------------------+------+---------+---------+
       Total:                       402    0         0      
                                                            
       Stack:                       0      0         8192   
       Linker Generated:            0      23        0      
    +--+----------------------------+------+---------+---------+
       Grand Total:                 1426   431       8200   


LINKER GENERATED COPY TABLES

__TI_cinit_table @ 00000740 records: 1, size/record: 8, table size: 8
	.data: load addr=00000738, load size=00000007 bytes, run addr=20000000, run size=00000004 bytes, compression=lzss


LINKER GENERATED HANDLER TABLE

__TI_handler_table @ 00000730 records: 2, size/record: 4, table size: 8
	index: 0, handler: __TI_decompress_lzss
	index: 1, handler: __TI_decompress_none


GLOBAL SYMBOLS: SORTED ALPHABETICALLY BY Name 

address   name                          
-------   ----                          
000006d8  BRFX                          
000006f4  BRS                           
00000710  BRX                           
000006cb  C$$EXIT                       
000006b3  CPU_cpsid                     
00000695  Interrupt_disableMaster       
0000035d  UART_Baudaje                  
00000535  UART_Bits_de_Datos            
00000559  UART_Bits_de_Paro             
0000066d  UART_Deshabilitar             
0000057d  UART_Direccion_de_Transmision 
000003f9  UART_Enviar_Byte              
00000681  UART_Habilitar                
000006bf  UART_INIT                     
00000145  UART_Inicializar              
000005a1  UART_Interrupcion_CBreak      
000005c5  UART_Interrupcion_CErroneos   
00000469  UART_MESSAGE                  
0000049d  UART_Paridad                  
00000505  UART_Pines_TX_RX              
000005e9  UART_Sincronia                
0000060d  UART_Sobremuestreo            
00000285  UART_Tipo_de_Reloj            
00000631  UART_putsf                    
4000480c  WDTCTL_SYM                    
20010000  __STACK_END                   
00001000  __STACK_SIZE                  
00000740  __TI_CINIT_Base               
00000748  __TI_CINIT_Limit              
00000730  __TI_Handler_Table_Base       
00000738  __TI_Handler_Table_Limit      
000003b5  __TI_auto_init_nobinit_nopinit
000002f5  __TI_decompress_lzss          
000006a5  __TI_decompress_none          
ffffffff  __TI_pprof_out_hndl           
ffffffff  __TI_prof_data_size           
ffffffff  __TI_prof_data_start          
00000730  __TI_static_base__            
000001e9  __aeabi_memcpy                
000001e9  __aeabi_memcpy4               
000001e9  __aeabi_memcpy8               
ffffffff  __binit__                     
ffffffff  __c_args__                    
UNDEFED   __mpu_init                    
2000f000  __stack                       
20000000  __start___llvm_prf_cnts       
20000000  __stop___llvm_prf_cnts        
000004d1  _c_int00_noargs               
UNDEFED   _system_post_cinit            
000006c7  _system_pre_init              
000006cb  abort                         
ffffffff  binit                         
20000000  i                             
00000000  interruptVectors              
00000431  main                          
000001e9  memcpy                        
00000655  resetISR                      


GLOBAL SYMBOLS: SORTED BY Symbol Address 

address   name                          
-------   ----                          
00000000  interruptVectors              
00000145  UART_Inicializar              
000001e9  __aeabi_memcpy                
000001e9  __aeabi_memcpy4               
000001e9  __aeabi_memcpy8               
000001e9  memcpy                        
00000285  UART_Tipo_de_Reloj            
000002f5  __TI_decompress_lzss          
0000035d  UART_Baudaje                  
000003b5  __TI_auto_init_nobinit_nopinit
000003f9  UART_Enviar_Byte              
00000431  main                          
00000469  UART_MESSAGE                  
0000049d  UART_Paridad                  
000004d1  _c_int00_noargs               
00000505  UART_Pines_TX_RX              
00000535  UART_Bits_de_Datos            
00000559  UART_Bits_de_Paro             
0000057d  UART_Direccion_de_Transmision 
000005a1  UART_Interrupcion_CBreak      
000005c5  UART_Interrupcion_CErroneos   
000005e9  UART_Sincronia                
0000060d  UART_Sobremuestreo            
00000631  UART_putsf                    
00000655  resetISR                      
0000066d  UART_Deshabilitar             
00000681  UART_Habilitar                
00000695  Interrupt_disableMaster       
000006a5  __TI_decompress_none          
000006b3  CPU_cpsid                     
000006bf  UART_INIT                     
000006c7  _system_pre_init              
000006cb  C$$EXIT                       
000006cb  abort                         
000006d8  BRFX                          
000006f4  BRS                           
00000710  BRX                           
00000730  __TI_Handler_Table_Base       
00000730  __TI_static_base__            
00000738  __TI_Handler_Table_Limit      
00000740  __TI_CINIT_Base               
00000748  __TI_CINIT_Limit              
00001000  __STACK_SIZE                  
20000000  __start___llvm_prf_cnts       
20000000  __stop___llvm_prf_cnts        
20000000  i                             
2000f000  __stack                       
20010000  __STACK_END                   
4000480c  WDTCTL_SYM                    
ffffffff  __TI_pprof_out_hndl           
ffffffff  __TI_prof_data_size           
ffffffff  __TI_prof_data_start          
ffffffff  __binit__                     
ffffffff  __c_args__                    
ffffffff  binit                         
UNDEFED   __mpu_init                    
UNDEFED   _system_post_cinit            

[57 symbols]
